10-22 14:43:12.080  5788  5872 I TestRunner: started: grid_list_content_at_last_position(com.example.dogglers.GridListTests)
10-22 14:43:12.110  5788  5872 W Settings: Setting always_finish_activities has moved from android.provider.Settings.System to android.provider.Settings.Global, returning read-only value.
10-22 14:43:12.151   522   542 D EventSequenceValidator: Transition from INTENT_FAILED to INTENT_STARTED
10-22 14:43:12.176   522   542 D EventSequenceValidator: Transition from INTENT_STARTED to ACTIVITY_LAUNCHED
10-22 14:43:12.181   522   536 W InputReader: Device virtio_input_multi_touch_9 is associated with display ADISPLAY_ID_NONE.
10-22 14:43:12.181   522   536 W InputReader: Device virtio_input_multi_touch_7 is associated with display ADISPLAY_ID_NONE.
10-22 14:43:12.181   522   536 W InputReader: Device virtio_input_multi_touch_10 is associated with display ADISPLAY_ID_NONE.
10-22 14:43:12.181   522   536 W InputReader: Device virtio_input_multi_touch_4 is associated with display ADISPLAY_ID_NONE.
10-22 14:43:12.181   522   536 W InputReader: Device virtio_input_multi_touch_11 is associated with display ADISPLAY_ID_NONE.
10-22 14:43:12.181   522   536 W InputReader: Device virtio_input_multi_touch_5 is associated with display ADISPLAY_ID_NONE.
10-22 14:43:12.181   522   536 W InputReader: Device virtio_input_multi_touch_2 is associated with display ADISPLAY_ID_NONE.
10-22 14:43:12.181   522   536 W InputReader: Device virtio_input_multi_touch_6 is associated with display ADISPLAY_ID_NONE.
10-22 14:43:12.181   522   536 W InputReader: Device virtio_input_multi_touch_3 is associated with display ADISPLAY_ID_NONE.
10-22 14:43:12.181   522   536 W InputReader: Device virtio_input_multi_touch_8 is associated with display ADISPLAY_ID_NONE.
10-22 14:43:12.181   522   536 W InputReader: Device virtio_input_multi_touch_9 is associated with display ADISPLAY_ID_NONE.
10-22 14:43:12.182   522   536 W InputReader: Device virtio_input_multi_touch_7 is associated with display ADISPLAY_ID_NONE.
10-22 14:43:12.182   522   536 W InputReader: Device virtio_input_multi_touch_10 is associated with display ADISPLAY_ID_NONE.
10-22 14:43:12.182   522   536 W InputReader: Device virtio_input_multi_touch_4 is associated with display ADISPLAY_ID_NONE.
10-22 14:43:12.182   522   536 W InputReader: Device virtio_input_multi_touch_11 is associated with display ADISPLAY_ID_NONE.
10-22 14:43:12.182   522   536 W InputReader: Device virtio_input_multi_touch_5 is associated with display ADISPLAY_ID_NONE.
10-22 14:43:12.182   522   536 W InputReader: Device virtio_input_multi_touch_2 is associated with display ADISPLAY_ID_NONE.
10-22 14:43:12.182   522   536 W InputReader: Device virtio_input_multi_touch_6 is associated with display ADISPLAY_ID_NONE.
10-22 14:43:12.182   522   536 W InputReader: Device virtio_input_multi_touch_3 is associated with display ADISPLAY_ID_NONE.
10-22 14:43:12.182   522   536 W InputReader: Device virtio_input_multi_touch_8 is associated with display ADISPLAY_ID_NONE.
10-22 14:43:12.213  5788  5788 D LifecycleMonitor: Lifecycle status change: androidx.test.core.app.InstrumentationActivityInvoker$BootstrapActivity@61cab8c in: PRE_ON_CREATE
10-22 14:43:12.214  5788  5788 V ActivityScenario: Activity lifecycle changed event received but ignored because the intent does not match. startActivityIntent=Intent { act=android.intent.action.MAIN cat=[android.intent.category.LAUNCHER] cmp=com.example.dogglers/.GridListActivity }, activity.getIntent()=Intent { act=android.intent.action.MAIN cat=[android.intent.category.LAUNCHER] flg=0x10008000 cmp=com.example.dogglers/androidx.test.core.app.InstrumentationActivityInvoker$BootstrapActivity (has extras) }, activity=androidx.test.core.app.InstrumentationActivityInvoker$BootstrapActivity@61cab8c
10-22 14:43:12.251  5788  5788 D LifecycleMonitor: Lifecycle status change: androidx.test.core.app.InstrumentationActivityInvoker$BootstrapActivity@61cab8c in: CREATED
10-22 14:43:12.252  5788  5788 V ActivityScenario: Activity lifecycle changed event received but ignored because the intent does not match. startActivityIntent=Intent { act=android.intent.action.MAIN cat=[android.intent.category.LAUNCHER] cmp=com.example.dogglers/.GridListActivity }, activity.getIntent()=Intent { act=android.intent.action.MAIN cat=[android.intent.category.LAUNCHER] flg=0x10008000 cmp=com.example.dogglers/androidx.test.core.app.InstrumentationActivityInvoker$BootstrapActivity (has extras) }, activity=androidx.test.core.app.InstrumentationActivityInvoker$BootstrapActivity@61cab8c
10-22 14:43:12.277   304  1290 D goldfish-address-space: claimShared: Ask to claim region [0x3f4965000 0x3f52ca000]
10-22 14:43:12.295  5788  5788 D LifecycleMonitor: Lifecycle status change: androidx.test.core.app.InstrumentationActivityInvoker$BootstrapActivity@61cab8c in: STARTED
10-22 14:43:12.301  5788  5788 V ActivityScenario: Activity lifecycle changed event received but ignored because the intent does not match. startActivityIntent=Intent { act=android.intent.action.MAIN cat=[android.intent.category.LAUNCHER] cmp=com.example.dogglers/.GridListActivity }, activity.getIntent()=Intent { act=android.intent.action.MAIN cat=[android.intent.category.LAUNCHER] flg=0x10008000 cmp=com.example.dogglers/androidx.test.core.app.InstrumentationActivityInvoker$BootstrapActivity (has extras) }, activity=androidx.test.core.app.InstrumentationActivityInvoker$BootstrapActivity@61cab8c
10-22 14:43:12.305  1150  5628 I NetworkScheduler.Stats: Task com.google.android.gms/com.google.android.gms.clearcut.uploader.QosUploaderService finished executing. cause:5 result: 1 elapsed_millis: 67586 uptime_millis: 67586 exec_start_elapsed_seconds: 192 [CONTEXT service_id=218 ]
10-22 14:43:12.374  5788  5788 D LifecycleMonitor: Lifecycle status change: androidx.test.core.app.InstrumentationActivityInvoker$BootstrapActivity@61cab8c in: RESUMED
10-22 14:43:12.374  5788  5788 V ActivityScenario: Activity lifecycle changed event received but ignored because the intent does not match. startActivityIntent=Intent { act=android.intent.action.MAIN cat=[android.intent.category.LAUNCHER] cmp=com.example.dogglers/.GridListActivity }, activity.getIntent()=Intent { act=android.intent.action.MAIN cat=[android.intent.category.LAUNCHER] flg=0x10008000 cmp=com.example.dogglers/androidx.test.core.app.InstrumentationActivityInvoker$BootstrapActivity (has extras) }, activity=androidx.test.core.app.InstrumentationActivityInvoker$BootstrapActivity@61cab8c
10-22 14:43:12.386  5788  5788 D LifecycleMonitor: Lifecycle status change: androidx.test.core.app.InstrumentationActivityInvoker$BootstrapActivity@61cab8c in: PAUSED
10-22 14:43:12.387  5788  5788 V ActivityScenario: Activity lifecycle changed event received but ignored because the intent does not match. startActivityIntent=Intent { act=android.intent.action.MAIN cat=[android.intent.category.LAUNCHER] cmp=com.example.dogglers/.GridListActivity }, activity.getIntent()=Intent { act=android.intent.action.MAIN cat=[android.intent.category.LAUNCHER] flg=0x10008000 cmp=com.example.dogglers/androidx.test.core.app.InstrumentationActivityInvoker$BootstrapActivity (has extras) }, activity=androidx.test.core.app.InstrumentationActivityInvoker$BootstrapActivity@61cab8c
10-22 14:43:12.389   522  3263 W InputReader: Device virtio_input_multi_touch_9 is associated with display ADISPLAY_ID_NONE.
10-22 14:43:12.389   522  3263 W InputReader: Device virtio_input_multi_touch_7 is associated with display ADISPLAY_ID_NONE.
10-22 14:43:12.389   522  3263 W InputReader: Device virtio_input_multi_touch_10 is associated with display ADISPLAY_ID_NONE.
10-22 14:43:12.390   522  3263 W InputReader: Device virtio_input_multi_touch_4 is associated with display ADISPLAY_ID_NONE.
10-22 14:43:12.390   522  3263 W InputReader: Device virtio_input_multi_touch_11 is associated with display ADISPLAY_ID_NONE.
10-22 14:43:12.390   522  3263 W InputReader: Device virtio_input_multi_touch_5 is associated with display ADISPLAY_ID_NONE.
10-22 14:43:12.390   522  3263 W InputReader: Device virtio_input_multi_touch_2 is associated with display ADISPLAY_ID_NONE.
10-22 14:43:12.390   522  3263 W InputReader: Device virtio_input_multi_touch_6 is associated with display ADISPLAY_ID_NONE.
10-22 14:43:12.390   522  3263 W InputReader: Device virtio_input_multi_touch_3 is associated with display ADISPLAY_ID_NONE.
10-22 14:43:12.390   522  3263 W InputReader: Device virtio_input_multi_touch_8 is associated with display ADISPLAY_ID_NONE.
10-22 14:43:12.390   522  3263 W InputReader: Device virtio_input_multi_touch_9 is associated with display ADISPLAY_ID_NONE.
10-22 14:43:12.390   522  3263 W InputReader: Device virtio_input_multi_touch_7 is associated with display ADISPLAY_ID_NONE.
10-22 14:43:12.390   522  3263 W InputReader: Device virtio_input_multi_touch_10 is associated with display ADISPLAY_ID_NONE.
10-22 14:43:12.390   522  3263 W InputReader: Device virtio_input_multi_touch_4 is associated with display ADISPLAY_ID_NONE.
10-22 14:43:12.390   522  3263 W InputReader: Device virtio_input_multi_touch_11 is associated with display ADISPLAY_ID_NONE.
10-22 14:43:12.391   522  3263 W InputReader: Device virtio_input_multi_touch_5 is associated with display ADISPLAY_ID_NONE.
10-22 14:43:12.391   522  3263 W InputReader: Device virtio_input_multi_touch_2 is associated with display ADISPLAY_ID_NONE.
10-22 14:43:12.391   522  3263 W InputReader: Device virtio_input_multi_touch_6 is associated with display ADISPLAY_ID_NONE.
10-22 14:43:12.391   522  3263 W InputReader: Device virtio_input_multi_touch_3 is associated with display ADISPLAY_ID_NONE.
10-22 14:43:12.391   522  3263 W InputReader: Device virtio_input_multi_touch_8 is associated with display ADISPLAY_ID_NONE.
10-22 14:43:12.448  5788  5788 D LifecycleMonitor: Lifecycle status change: com.example.dogglers.GridListActivity@29e8bb6 in: PRE_ON_CREATE
10-22 14:43:12.448  5788  5788 V ActivityScenario: Activity lifecycle changed event received but ignored because the reported transition was not ON_CREATE while the last known transition was PRE_ON_CREATE
10-22 14:43:12.529   304  1290 D goldfish-address-space: claimShared: Ask to claim region [0x3f52ca000 0x3f5c2f000]
10-22 14:43:12.541   522   965 D WifiNl80211Manager: Scan result ready event
10-22 14:43:12.541   522   965 D WifiNative: Scan result ready event
10-22 14:43:12.572  1677  2151 I PBSessionCacheImpl: (REDACTED) Deleted sessionId[%d] from persistence.
10-22 14:43:12.597  5788  5788 D LifecycleMonitor: Lifecycle status change: com.example.dogglers.GridListActivity@29e8bb6 in: CREATED
10-22 14:43:12.598  5788  5788 V ActivityScenario: Update currentActivityStage to CREATED, currentActivity=com.example.dogglers.GridListActivity@29e8bb6
10-22 14:43:12.608  5788  5788 D LifecycleMonitor: Lifecycle status change: com.example.dogglers.GridListActivity@29e8bb6 in: STARTED
10-22 14:43:12.609  5788  5788 V ActivityScenario: Update currentActivityStage to STARTED, currentActivity=com.example.dogglers.GridListActivity@29e8bb6
10-22 14:43:12.610  5788  5788 D LifecycleMonitor: Lifecycle status change: com.example.dogglers.GridListActivity@29e8bb6 in: RESUMED
10-22 14:43:12.611  5788  5788 V ActivityScenario: Update currentActivityStage to RESUMED, currentActivity=com.example.dogglers.GridListActivity@29e8bb6
10-22 14:43:12.640  1677  1990 W SearchServiceCore: Abort, client detached.
10-22 14:43:12.676  5788  5788 D LifecycleMonitor: Lifecycle status change: androidx.test.core.app.InstrumentationActivityInvoker$BootstrapActivity@61cab8c in: STOPPED
10-22 14:43:12.678  5788  5788 V ActivityScenario: Activity lifecycle changed event received but ignored because the intent does not match. startActivityIntent=Intent { act=android.intent.action.MAIN cat=[android.intent.category.LAUNCHER] cmp=com.example.dogglers/.GridListActivity }, activity.getIntent()=Intent { act=android.intent.action.MAIN cat=[android.intent.category.LAUNCHER] flg=0x10008000 cmp=com.example.dogglers/androidx.test.core.app.InstrumentationActivityInvoker$BootstrapActivity (has extras) }, activity=androidx.test.core.app.InstrumentationActivityInvoker$BootstrapActivity@61cab8c
10-22 14:43:12.686  6070  6070 I org.webrtc.Logging: vclib: Loading native library: jingle_peerconnection_so.
10-22 14:43:12.703  6070  6105 I org.webrtc.Logging: CrashStartupListener: Checking conference crashes for 2 account(s).
10-22 14:43:12.704  6070  6070 I org.webrtc.Logging: vclib: Beginning load of jingle_peerconnection_so...
10-22 14:43:12.795   304  1290 D goldfish-address-space: claimShared: Ask to claim region [0x3f4000000 0x3f4965000]
10-22 14:43:12.873   304  1290 D goldfish-address-space: claimShared: Ask to claim region [0x3f5c2f000 0x3f6594000]
10-22 14:43:12.878   304   304 D goldfish-address-space: claimShared: Ask to claim region [0x3f6594000 0x3f6ef9000]
10-22 14:43:12.994  1150  5628 I NetworkScheduler.Stats: Task com.google.android.gms/com.google.android.gms.pay.gcmtask.PayGcmTaskService started execution. cause:5 exec_start_elapsed_seconds: 260 [CONTEXT service_id=218 ]
10-22 14:43:13.025  1622  1838 I Pay     : Device does not support HCE. [CONTEXT service_id=198 ]
10-22 14:43:13.058  1150  1150 D BoundBrokerSvc: onUnbind: Intent { act=com.google.android.gms.pseudonymous.service.START dat=chimera-action:com.google.android.gms.pseudonymous.service.START cmp=com.google.android.gms/.chimera.PersistentApiService }
10-22 14:43:13.150  1150  4796 I NetworkScheduler.Stats: Task com.google.android.gms/com.google.android.gms.pay.gcmtask.PayGcmTaskService started execution. cause:5 exec_start_elapsed_seconds: 261 [CONTEXT service_id=218 ]
10-22 14:43:13.226  1150  4796 I NetworkScheduler.Stats: Task com.google.android.gms/com.google.android.gms.pay.gcmtask.PayGcmTaskService finished executing. cause:5 result: 2 elapsed_millis: 385 uptime_millis: 385 exec_start_elapsed_seconds: 260 [CONTEXT service_id=218 ]
10-22 14:43:13.238   522   553 D ArtManagerInternalImpl: /data/misc/iorapd/com.example.dogglers/1/com.example.dogglers.GridListActivity/compiled_traces/compiled_trace.pb doesn't exist
10-22 14:43:13.239   522   553 I ActivityTaskManager: Displayed com.example.dogglers/.GridListActivity: +1s84ms
10-22 14:43:13.244   522   542 D EventSequenceValidator: Transition from ACTIVITY_LAUNCHED to ACTIVITY_FINISHED
10-22 14:43:13.314  6070  6070 I org.webrtc.Logging: vclib: jingle_peerconnection_so (null) was loaded normally!
10-22 14:43:13.315  6070  6070 I org.webrtc.Logging: vclib: Loading native library: jingle_peerconnection_so complete.
10-22 14:43:13.330  1192  1192 I GoogleInputMethodService: GoogleInputMethodService.onFinishInput():3280
10-22 14:43:13.342  5788  5788 I ViewInteraction: Performing 'scroll RecyclerView to position: 5' action on view view.getId() is <2131230934/com.example.dogglers:id/grid_recycler_view>
10-22 14:43:13.358  1192  1192 I GoogleInputMethodService: GoogleInputMethodService.updateDeviceLockedStatus():2169 repeatCheckTimes = 0, unlocked = true
10-22 14:43:13.358  1192  1192 I GoogleInputMethodService: GoogleInputMethodService.onStartInput():1960 onStartInput(EditorInfo{inputType=0x0(NULL) imeOptions=0x0 privateImeOptions=null actionName=UNSPECIFIED actionLabel=null actionId=0 initialSelStart=-1 initialSelEnd=-1 initialCapsMode=0x0 hintText=null label=null packageName=com.example.dogglers fieldId=-1 fieldName=null extras=null}, false)
10-22 14:43:13.359  1192  1192 I GoogleInputMethodService: GoogleInputMethodService.shouldHideHeaderOnInitialState():4081 ShouldHideHeaderOnInitialState = false
10-22 14:43:13.388  1192  1192 I GoogleInputMethodService: GoogleInputMethodService.updateDeviceLockedStatus():2169 repeatCheckTimes = 2, unlocked = true
10-22 14:43:13.493  5788  5788 I ViewInteraction: Checking 'MatchesViewAssertion{viewMatcher=(view has effective visibility <VISIBLE> and view.getGlobalVisibleRect() to return non-empty rectangle)}' assertion on view an instance of android.widget.TextView and view.getText() with or without transformation to match: is "Bella"
10-22 14:43:13.510   522   542 D EventSequenceValidator: Transition from ACTIVITY_FINISHED to INTENT_STARTED
10-22 14:43:13.536  5788  5788 D LifecycleMonitor: Lifecycle status change: com.example.dogglers.GridListActivity@29e8bb6 in: PAUSED
10-22 14:43:13.537  5788  5788 V ActivityScenario: Update currentActivityStage to PAUSED, currentActivity=com.example.dogglers.GridListActivity@29e8bb6
10-22 14:43:13.538   522   536 W InputReader: Device virtio_input_multi_touch_9 is associated with display ADISPLAY_ID_NONE.
10-22 14:43:13.539   522   536 W InputReader: Device virtio_input_multi_touch_7 is associated with display ADISPLAY_ID_NONE.
10-22 14:43:13.539   522   536 W InputReader: Device virtio_input_multi_touch_10 is associated with display ADISPLAY_ID_NONE.
10-22 14:43:13.539   522   536 W InputReader: Device virtio_input_multi_touch_4 is associated with display ADISPLAY_ID_NONE.
10-22 14:43:13.539   522   536 W InputReader: Device virtio_input_multi_touch_11 is associated with display ADISPLAY_ID_NONE.
10-22 14:43:13.539   522   536 W InputReader: Device virtio_input_multi_touch_5 is associated with display ADISPLAY_ID_NONE.
10-22 14:43:13.539   522   536 W InputReader: Device virtio_input_multi_touch_2 is associated with display ADISPLAY_ID_NONE.
10-22 14:43:13.539   522   536 W InputReader: Device virtio_input_multi_touch_6 is associated with display ADISPLAY_ID_NONE.
10-22 14:43:13.539   522   536 W InputReader: Device virtio_input_multi_touch_3 is associated with display ADISPLAY_ID_NONE.
10-22 14:43:13.539   522   536 W InputReader: Device virtio_input_multi_touch_8 is associated with display ADISPLAY_ID_NONE.
10-22 14:43:13.539   522   536 W InputReader: Device virtio_input_multi_touch_9 is associated with display ADISPLAY_ID_NONE.
10-22 14:43:13.539   522   536 W InputReader: Device virtio_input_multi_touch_7 is associated with display ADISPLAY_ID_NONE.
10-22 14:43:13.539   522   536 W InputReader: Device virtio_input_multi_touch_10 is associated with display ADISPLAY_ID_NONE.
10-22 14:43:13.539   522   536 W InputReader: Device virtio_input_multi_touch_4 is associated with display ADISPLAY_ID_NONE.
10-22 14:43:13.539   522   536 W InputReader: Device virtio_input_multi_touch_11 is associated with display ADISPLAY_ID_NONE.
10-22 14:43:13.539   522   536 W InputReader: Device virtio_input_multi_touch_5 is associated with display ADISPLAY_ID_NONE.
10-22 14:43:13.539   522   536 W InputReader: Device virtio_input_multi_touch_2 is associated with display ADISPLAY_ID_NONE.
10-22 14:43:13.540   522   536 W InputReader: Device virtio_input_multi_touch_6 is associated with display ADISPLAY_ID_NONE.
10-22 14:43:13.540   522   536 W InputReader: Device virtio_input_multi_touch_3 is associated with display ADISPLAY_ID_NONE.
10-22 14:43:13.540   522   536 W InputReader: Device virtio_input_multi_touch_8 is associated with display ADISPLAY_ID_NONE.
10-22 14:43:13.555   522   542 D EventSequenceValidator: Transition from INTENT_STARTED to INTENT_FAILED
10-22 14:43:13.558  5788  5788 D LifecycleMonitor: Lifecycle status change: androidx.test.core.app.InstrumentationActivityInvoker$EmptyActivity@52ea03f in: PRE_ON_CREATE
10-22 14:43:13.559  5788  5788 V ActivityScenario: Activity lifecycle changed event received but ignored because the intent does not match. startActivityIntent=Intent { act=android.intent.action.MAIN cat=[android.intent.category.LAUNCHER] cmp=com.example.dogglers/.GridListActivity }, activity.getIntent()=Intent { act=android.intent.action.MAIN cat=[android.intent.category.LAUNCHER] flg=0x10000000 cmp=com.example.dogglers/androidx.test.core.app.InstrumentationActivityInvoker$EmptyActivity }, activity=androidx.test.core.app.InstrumentationActivityInvoker$EmptyActivity@52ea03f
10-22 14:43:13.576  5788  5788 D LifecycleMonitor: Lifecycle status change: androidx.test.core.app.InstrumentationActivityInvoker$EmptyActivity@52ea03f in: CREATED
10-22 14:43:13.576  5788  5788 V ActivityScenario: Activity lifecycle changed event received but ignored because the intent does not match. startActivityIntent=Intent { act=android.intent.action.MAIN cat=[android.intent.category.LAUNCHER] cmp=com.example.dogglers/.GridListActivity }, activity.getIntent()=Intent { act=android.intent.action.MAIN cat=[android.intent.category.LAUNCHER] flg=0x10000000 cmp=com.example.dogglers/androidx.test.core.app.InstrumentationActivityInvoker$EmptyActivity }, activity=androidx.test.core.app.InstrumentationActivityInvoker$EmptyActivity@52ea03f
10-22 14:43:13.580  5788  5788 D LifecycleMonitor: Lifecycle status change: androidx.test.core.app.InstrumentationActivityInvoker$EmptyActivity@52ea03f in: STARTED
10-22 14:43:13.580  5788  5788 V ActivityScenario: Activity lifecycle changed event received but ignored because the intent does not match. startActivityIntent=Intent { act=android.intent.action.MAIN cat=[android.intent.category.LAUNCHER] cmp=com.example.dogglers/.GridListActivity }, activity.getIntent()=Intent { act=android.intent.action.MAIN cat=[android.intent.category.LAUNCHER] flg=0x10000000 cmp=com.example.dogglers/androidx.test.core.app.InstrumentationActivityInvoker$EmptyActivity }, activity=androidx.test.core.app.InstrumentationActivityInvoker$EmptyActivity@52ea03f
10-22 14:43:13.582  5788  5788 D LifecycleMonitor: Lifecycle status change: androidx.test.core.app.InstrumentationActivityInvoker$EmptyActivity@52ea03f in: RESUMED
10-22 14:43:13.583  5788  5788 V ActivityScenario: Activity lifecycle changed event received but ignored because the intent does not match. startActivityIntent=Intent { act=android.intent.action.MAIN cat=[android.intent.category.LAUNCHER] cmp=com.example.dogglers/.GridListActivity }, activity.getIntent()=Intent { act=android.intent.action.MAIN cat=[android.intent.category.LAUNCHER] flg=0x10000000 cmp=com.example.dogglers/androidx.test.core.app.InstrumentationActivityInvoker$EmptyActivity }, activity=androidx.test.core.app.InstrumentationActivityInvoker$EmptyActivity@52ea03f
10-22 14:43:13.641  1150  5628 I NetworkScheduler.Stats: Task com.google.android.gms/com.google.android.gms.pay.gcmtask.PayGcmTaskService started execution. cause:5 exec_start_elapsed_seconds: 261 [CONTEXT service_id=218 ]
10-22 14:43:13.673   304   304 D goldfish-address-space: claimShared: Ask to claim region [0x3f6ef9000 0x3f785e000]
10-22 14:43:13.691   304   304 D goldfish-address-space: claimShared: Ask to claim region [0x3f4965000 0x3f52ca000]
10-22 14:43:13.694  6070  6070 W CallManagerModule: installed monitors: temp(true)
10-22 14:43:13.694   304   304 D goldfish-address-space: claimShared: Ask to claim region [0x3f52ca000 0x3f5c2f000]
10-22 14:43:13.727   522   553 I ActivityTaskManager: Displayed com.example.dogglers/androidx.test.core.app.InstrumentationActivityInvoker$EmptyActivity: +212ms
10-22 14:43:13.774   522   542 D EventSequenceValidator: Transition from INTENT_FAILED to INTENT_STARTED
10-22 14:43:13.800   522   542 D EventSequenceValidator: Transition from INTENT_STARTED to INTENT_FAILED
10-22 14:43:13.801  1622  1622 D BoundBrokerSvc: onBind: Intent { act=com.google.android.gms.pay.service.BIND dat=chimera-action:com.google.android.gms.pay.service.BIND cmp=com.google.android.gms/.chimera.GmsApiService }
10-22 14:43:13.801  1622  1622 D BoundBrokerSvc: Loading bound service for intent: Intent { act=com.google.android.gms.pay.service.BIND dat=chimera-action:com.google.android.gms.pay.service.BIND cmp=com.google.android.gms/.chimera.GmsApiService }
10-22 14:43:13.809  5788  5788 D LifecycleMonitor: Lifecycle status change: com.example.dogglers.GridListActivity@29e8bb6 in: STOPPED
10-22 14:43:13.809  5788  5788 V ActivityScenario: Update currentActivityStage to STOPPED, currentActivity=com.example.dogglers.GridListActivity@29e8bb6
10-22 14:43:13.814  5788  5788 D LifecycleMonitor: Lifecycle status change: com.example.dogglers.GridListActivity@29e8bb6 in: DESTROYED
10-22 14:43:13.814  5788  5788 V ActivityScenario: Update currentActivityStage to DESTROYED, currentActivity=null
10-22 14:43:13.822  6070  6110 I TetheringManager: registerTetheringEventCallback:com.google.android.apps.tachyon
10-22 14:43:13.850  1192  1192 I GoogleInputMethodService: GoogleInputMethodService.onFinishInput():3280
10-22 14:43:13.851  6070  6111 D StrictMode: StrictMode policy violation: android.os.strictmode.DiskReadViolation
10-22 14:43:13.851  6070  6111 D StrictMode: 	at android.os.StrictMode$AndroidBlockGuardPolicy.onReadFromDisk(StrictMode.java:1596)
10-22 14:43:13.851  6070  6111 D StrictMode: 	at libcore.io.BlockGuardOs.access(BlockGuardOs.java:71)
10-22 14:43:13.851  6070  6111 D StrictMode: 	at libcore.io.ForwardingOs.access(ForwardingOs.java:72)
10-22 14:43:13.851  6070  6111 D StrictMode: 	at android.app.ActivityThread$AndroidOs.access(ActivityThread.java:7533)
10-22 14:43:13.851  6070  6111 D StrictMode: 	at java.io.UnixFileSystem.checkAccess(UnixFileSystem.java:281)
10-22 14:43:13.851  6070  6111 D StrictMode: 	at java.io.File.exists(File.java:815)
10-22 14:43:13.851  6070  6111 D StrictMode: 	at android.app.ContextImpl.ensurePrivateDirExists(ContextImpl.java:681)
10-22 14:43:13.851  6070  6111 D StrictMode: 	at android.app.ContextImpl.ensurePrivateDirExists(ContextImpl.java:672)
10-22 14:43:13.851  6070  6111 D StrictMode: 	at android.app.ContextImpl.getPreferencesDir(ContextImpl.java:628)
10-22 14:43:13.851  6070  6111 D StrictMode: 	at android.app.ContextImpl.getSharedPreferencesPath(ContextImpl.java:853)
10-22 14:43:13.851  6070  6111 D StrictMode: 	at android.app.ContextImpl.getSharedPreferences(ContextImpl.java:475)
10-22 14:43:13.851  6070  6111 D StrictMode: 	at android.content.ContextWrapper.getSharedPreferences(ContextWrapper.java:188)
10-22 14:43:13.851  6070  6111 D StrictMode: 	at fdy.<init>(PG:12)
10-22 14:43:13.851  6070  6111 D StrictMode: 	at fqy.b(PG:7)
10-22 14:43:13.851  6070  6111 D StrictMode: 	at yge.b(PG:1)
10-22 14:43:13.851  6070  6111 D StrictMode: 	at fva.b(PG:30)
10-22 14:43:13.851  6070  6111 D StrictMode: 	at yge.b(PG:1)
10-22 14:43:13.851  6070  6111 D StrictMode: 	at fek.b(PG:10)
10-22 14:43:13.851  6070  6111 D StrictMode: 	at yge.b(PG:1)
10-22 14:43:13.851  6070  6111 D StrictMode: 	at gat.a(PG:1)
10-22 14:43:13.851  6070  6111 D StrictMode: 	at fqy.b(PG:8)
10-22 14:43:13.851  6070  6111 D StrictMode: 	at ygj.a(PG:4)
10-22 14:43:13.851  6070  6111 D StrictMode: 	at dta.b(PG:42)
10-22 14:43:13.851  6070  6111 D StrictMode: 	at yge.b(PG:1)
10-22 14:43:13.851  6070  6111 D StrictMode: 	at bru.call(PG:80)
10-22 14:43:13.851  6070  6111 D StrictMode: 	at vrg.a(Unknown Source:2)
10-22 14:43:13.851  6070  6111 D StrictMode: 	at vqm.run(PG:3)
10-22 14:43:13.851  6070  6111 D StrictMode: 	at vrh.run(Unknown Source:4)
10-22 14:43:13.851  6070  6111 D StrictMode: 	at java.util.concurrent.ThreadPoolExecutor.runWorker(ThreadPoolExecutor.java:1167)
10-22 14:43:13.851  6070  6111 D StrictMode: 	at java.util.concurrent.ThreadPoolExecutor$Worker.run(ThreadPoolExecutor.java:641)
10-22 14:43:13.851  6070  6111 D StrictMode: 	at njs.run(PG:17)
10-22 14:43:13.851  6070  6111 D StrictMode: 	at olc.run(PG:6)
10-22 14:43:13.851  6070  6111 D StrictMode: 	at java.lang.Thread.run(Thread.java:923)
10-22 14:43:13.855  1192  1192 I GoogleInputMethodService: GoogleInputMethodService.updateDeviceLockedStatus():2169 repeatCheckTimes = 0, unlocked = true
10-22 14:43:13.856  1192  1192 I GoogleInputMethodService: GoogleInputMethodService.onStartInput():1960 onStartInput(EditorInfo{inputType=0x0(NULL) imeOptions=0x0 privateImeOptions=null actionName=UNSPECIFIED actionLabel=null actionId=0 initialSelStart=-1 initialSelEnd=-1 initialCapsMode=0x0 hintText=null label=null packageName=com.example.dogglers fieldId=-1 fieldName=null extras=null}, false)
10-22 14:43:13.856  1192  1192 I GoogleInputMethodService: GoogleInputMethodService.shouldHideHeaderOnInitialState():4081 ShouldHideHeaderOnInitialState = false
10-22 14:43:13.861  1192  1192 I GoogleInputMethodService: GoogleInputMethodService.updateDeviceLockedStatus():2169 repeatCheckTimes = 2, unlocked = true
10-22 14:43:13.871  5788  5788 D LifecycleMonitor: Lifecycle status change: androidx.test.core.app.InstrumentationActivityInvoker$EmptyActivity@52ea03f in: PAUSED
10-22 14:43:13.871  5788  5788 V ActivityScenario: Activity lifecycle changed event received but ignored because the intent does not match. startActivityIntent=Intent { act=android.intent.action.MAIN cat=[android.intent.category.LAUNCHER] cmp=com.example.dogglers/.GridListActivity }, activity.getIntent()=Intent { act=android.intent.action.MAIN cat=[android.intent.category.LAUNCHER] flg=0x10000000 cmp=com.example.dogglers/androidx.test.core.app.InstrumentationActivityInvoker$EmptyActivity }, activity=androidx.test.core.app.InstrumentationActivityInvoker$EmptyActivity@52ea03f
10-22 14:43:13.873   522  5432 W InputReader: Device virtio_input_multi_touch_9 is associated with display ADISPLAY_ID_NONE.
10-22 14:43:13.873   522  5432 W InputReader: Device virtio_input_multi_touch_7 is associated with display ADISPLAY_ID_NONE.
10-22 14:43:13.873   522  5432 W InputReader: Device virtio_input_multi_touch_10 is associated with display ADISPLAY_ID_NONE.
10-22 14:43:13.873   522  5432 W InputReader: Device virtio_input_multi_touch_4 is associated with display ADISPLAY_ID_NONE.
10-22 14:43:13.874   522  5432 W InputReader: Device virtio_input_multi_touch_11 is associated with display ADISPLAY_ID_NONE.
10-22 14:43:13.874   522  5432 W InputReader: Device virtio_input_multi_touch_5 is associated with display ADISPLAY_ID_NONE.
10-22 14:43:13.874   522  5432 W InputReader: Device virtio_input_multi_touch_2 is associated with display ADISPLAY_ID_NONE.
10-22 14:43:13.874   522  5432 W InputReader: Device virtio_input_multi_touch_6 is associated with display ADISPLAY_ID_NONE.
10-22 14:43:13.874   522  5432 W InputReader: Device virtio_input_multi_touch_3 is associated with display ADISPLAY_ID_NONE.
10-22 14:43:13.874   522  5432 W InputReader: Device virtio_input_multi_touch_8 is associated with display ADISPLAY_ID_NONE.
10-22 14:43:13.874   522  5432 W InputReader: Device virtio_input_multi_touch_9 is associated with display ADISPLAY_ID_NONE.
10-22 14:43:13.874   522  5432 W InputReader: Device virtio_input_multi_touch_7 is associated with display ADISPLAY_ID_NONE.
10-22 14:43:13.874   522  5432 W InputReader: Device virtio_input_multi_touch_10 is associated with display ADISPLAY_ID_NONE.
10-22 14:43:13.874   522  5432 W InputReader: Device virtio_input_multi_touch_4 is associated with display ADISPLAY_ID_NONE.
10-22 14:43:13.874   522  5432 W InputReader: Device virtio_input_multi_touch_11 is associated with display ADISPLAY_ID_NONE.
10-22 14:43:13.874   522  5432 W InputReader: Device virtio_input_multi_touch_5 is associated with display ADISPLAY_ID_NONE.
10-22 14:43:13.874   522  5432 W InputReader: Device virtio_input_multi_touch_2 is associated with display ADISPLAY_ID_NONE.
10-22 14:43:13.874   522  5432 W InputReader: Device virtio_input_multi_touch_6 is associated with display ADISPLAY_ID_NONE.
10-22 14:43:13.874   522  5432 W InputReader: Device virtio_input_multi_touch_3 is associated with display ADISPLAY_ID_NONE.
10-22 14:43:13.874   522  5432 W InputReader: Device virtio_input_multi_touch_8 is associated with display ADISPLAY_ID_NONE.
10-22 14:43:13.905  1622  1622 I m.qzy   : Primes not initialized, returning default (no-op) Primes instance which will ignore all calls. Please call Primes.initialize(...) before using any Primes API.
10-22 14:43:13.921  5788  5788 D LifecycleMonitor: Lifecycle status change: androidx.test.core.app.InstrumentationActivityInvoker$BootstrapActivity@61cab8c in: DESTROYED
10-22 14:43:13.921  5788  5788 V ActivityScenario: Activity lifecycle changed event received but ignored because the intent does not match. startActivityIntent=Intent { act=android.intent.action.MAIN cat=[android.intent.category.LAUNCHER] cmp=com.example.dogglers/.GridListActivity }, activity.getIntent()=Intent { act=android.intent.action.MAIN cat=[android.intent.category.LAUNCHER] flg=0x10008000 cmp=com.example.dogglers/androidx.test.core.app.InstrumentationActivityInvoker$BootstrapActivity (has extras) }, activity=androidx.test.core.app.InstrumentationActivityInvoker$BootstrapActivity@61cab8c
10-22 14:43:13.948  5788  5788 D LifecycleMonitor: Lifecycle status change: androidx.test.core.app.InstrumentationActivityInvoker$EmptyActivity@d895b0d in: PRE_ON_CREATE
10-22 14:43:13.949  5788  5788 V ActivityScenario: Activity lifecycle changed event received but ignored because the intent does not match. startActivityIntent=Intent { act=android.intent.action.MAIN cat=[android.intent.category.LAUNCHER] cmp=com.example.dogglers/.GridListActivity }, activity.getIntent()=Intent { act=android.intent.action.MAIN cat=[android.intent.category.LAUNCHER] flg=0x10000000 cmp=com.example.dogglers/androidx.test.core.app.InstrumentationActivityInvoker$EmptyActivity }, activity=androidx.test.core.app.InstrumentationActivityInvoker$EmptyActivity@d895b0d
10-22 14:43:13.988  5788  5788 D LifecycleMonitor: Lifecycle status change: androidx.test.core.app.InstrumentationActivityInvoker$EmptyActivity@d895b0d in: CREATED
10-22 14:43:13.989  5788  5788 V ActivityScenario: Activity lifecycle changed event received but ignored because the intent does not match. startActivityIntent=Intent { act=android.intent.action.MAIN cat=[android.intent.category.LAUNCHER] cmp=com.example.dogglers/.GridListActivity }, activity.getIntent()=Intent { act=android.intent.action.MAIN cat=[android.intent.category.LAUNCHER] flg=0x10000000 cmp=com.example.dogglers/androidx.test.core.app.InstrumentationActivityInvoker$EmptyActivity }, activity=androidx.test.core.app.InstrumentationActivityInvoker$EmptyActivity@d895b0d
10-22 14:43:13.998  5788  5788 D LifecycleMonitor: Lifecycle status change: androidx.test.core.app.InstrumentationActivityInvoker$EmptyActivity@d895b0d in: STARTED
10-22 14:43:13.998  5788  5788 V ActivityScenario: Activity lifecycle changed event received but ignored because the intent does not match. startActivityIntent=Intent { act=android.intent.action.MAIN cat=[android.intent.category.LAUNCHER] cmp=com.example.dogglers/.GridListActivity }, activity.getIntent()=Intent { act=android.intent.action.MAIN cat=[android.intent.category.LAUNCHER] flg=0x10000000 cmp=com.example.dogglers/androidx.test.core.app.InstrumentationActivityInvoker$EmptyActivity }, activity=androidx.test.core.app.InstrumentationActivityInvoker$EmptyActivity@d895b0d
10-22 14:43:14.000  5788  5788 D LifecycleMonitor: Lifecycle status change: androidx.test.core.app.InstrumentationActivityInvoker$EmptyActivity@d895b0d in: RESUMED
10-22 14:43:14.001  5788  5788 V ActivityScenario: Activity lifecycle changed event received but ignored because the intent does not match. startActivityIntent=Intent { act=android.intent.action.MAIN cat=[android.intent.category.LAUNCHER] cmp=com.example.dogglers/.GridListActivity }, activity.getIntent()=Intent { act=android.intent.action.MAIN cat=[android.intent.category.LAUNCHER] flg=0x10000000 cmp=com.example.dogglers/androidx.test.core.app.InstrumentationActivityInvoker$EmptyActivity }, activity=androidx.test.core.app.InstrumentationActivityInvoker$EmptyActivity@d895b0d
10-22 14:43:14.032  6070  6110 D StrictMode: StrictMode policy violation: android.os.strictmode.DiskReadViolation
10-22 14:43:14.032  6070  6110 D StrictMode: 	at android.os.StrictMode$AndroidBlockGuardPolicy.onReadFromDisk(StrictMode.java:1596)
10-22 14:43:14.032  6070  6110 D StrictMode: 	at libcore.io.BlockGuardOs.open(BlockGuardOs.java:249)
10-22 14:43:14.032  6070  6110 D StrictMode: 	at libcore.io.ForwardingOs.open(ForwardingOs.java:166)
10-22 14:43:14.032  6070  6110 D StrictMode: 	at android.app.ActivityThread$AndroidOs.open(ActivityThread.java:7542)
10-22 14:43:14.032  6070  6110 D StrictMode: 	at libcore.io.IoBridge.open(IoBridge.java:478)
10-22 14:43:14.032  6070  6110 D StrictMode: 	at java.io.FileInputStream.<init>(FileInputStream.java:160)
10-22 14:43:14.032  6070  6110 D StrictMode: 	at viv.h(Unknown Source:4)
10-22 14:43:14.032  6070  6110 D StrictMode: 	at viv.b(Unknown Source:0)
10-22 14:43:14.032  6070  6110 D StrictMode: 	at vii.a(Unknown Source:4)
10-22 14:43:14.032  6070  6110 D StrictMode: 	at vio.c(PG:1)
10-22 14:43:14.032  6070  6110 D StrictMode: 	at vio.d(PG:2)
10-22 14:43:14.032  6070  6110 D StrictMode: 	at lew.d(PG:3)
10-22 14:43:14.032  6070  6110 D StrictMode: 	at lew.a(Unknown Source:4)
10-22 14:43:14.032  6070  6110 D StrictMode: 	at cur.a(PG:72)
10-22 14:43:14.032  6070  6110 D StrictMode: 	at uom.a(PG:3)
10-22 14:43:14.032  6070  6110 D StrictMode: 	at epo.a(PG:171)
10-22 14:43:14.032  6070  6110 D StrictMode: 	at uom.a(PG:3)
10-22 14:43:14.032  6070  6110 D StrictMode: 	at dpu.u(Unknown Source:2)
10-22 14:43:14.032  6070  6110 D StrictMode: 	at dpu.t(PG:1)
10-22 14:43:14.032  6070  6110 D StrictMode: 	at cur.a(PG:122)
10-22 14:43:14.032  6070  6110 D StrictMode: 	at uom.a(PG:3)
10-22 14:43:14.032  6070  6110 D StrictMode: 	at hmc.B(PG:51)
10-22 14:43:14.032  6070  6110 D StrictMode: 	at hmc.z(PG:1)
10-22 14:43:14.032  6070  6110 D StrictMode: 	at hmc.x(PG:3)
10-22 14:43:14.032  6070  6110 D StrictMode: 	at dtp.onThermalStatusChanged(PG:10)
10-22 14:43:14.032  6070  6110 D StrictMode: 	at android.os.PowerManager$3.lambda$onStatusChange$0(PowerManager.java:1951)
10-22 14:43:14.032  6070  6110 D StrictMode: 	at android.os.-$$Lambda$PowerManager$3$IpywypHwh4Ty9Ep6SO6VX961lSU.run(Unknown Source:4)
10-22 14:43:14.032  6070  6110 D StrictMode: 	at oln.run(PG:4)
10-22 14:43:14.032  6070  6110 D StrictMode: 	at java.util.concurrent.ThreadPoolExecutor.runWorker(ThreadPoolExecutor.java:1167)
10-22 14:43:14.032  6070  6110 D StrictMode: 	at java.util.concurrent.ThreadPoolExecutor$Worker.run(ThreadPoolExecutor.java:641)
10-22 14:43:14.032  6070  6110 D StrictMode: 	at njs.run(PG:17)
10-22 14:43:14.032  6070  6110 D StrictMode: 	at olc.run(PG:6)
10-22 14:43:14.032  6070  6110 D StrictMode: 	at java.lang.Thread.run(Thread.java:923)
10-22 14:43:14.077  6070  6110 D StrictMode: StrictMode policy violation: android.os.strictmode.DiskReadViolation
10-22 14:43:14.077  6070  6110 D StrictMode: 	at android.os.StrictMode$AndroidBlockGuardPolicy.onReadFromDisk(StrictMode.java:1596)
10-22 14:43:14.077  6070  6110 D StrictMode: 	at libcore.io.BlockGuardOs.fstat(BlockGuardOs.java:174)
10-22 14:43:14.077  6070  6110 D StrictMode: 	at libcore.io.ForwardingOs.fstat(ForwardingOs.java:106)
10-22 14:43:14.077  6070  6110 D StrictMode: 	at libcore.io.IoBridge.open(IoBridge.java:481)
10-22 14:43:14.077  6070  6110 D StrictMode: 	at java.io.FileInputStream.<init>(FileInputStream.java:160)
10-22 14:43:14.077  6070  6110 D StrictMode: 	at viv.h(Unknown Source:4)
10-22 14:43:14.077  6070  6110 D StrictMode: 	at viv.b(Unknown Source:0)
10-22 14:43:14.077  6070  6110 D StrictMode: 	at vii.a(Unknown Source:4)
10-22 14:43:14.077  6070  6110 D StrictMode: 	at vio.c(PG:1)
10-22 14:43:14.077  6070  6110 D StrictMode: 	at vio.d(PG:2)
10-22 14:43:14.077  6070  6110 D StrictMode: 	at lew.d(PG:3)
10-22 14:43:14.077  6070  6110 D StrictMode: 	at lew.a(Unknown Source:4)
10-22 14:43:14.077  6070  6110 D StrictMode: 	at cur.a(PG:72)
10-22 14:43:14.077  6070  6110 D StrictMode: 	at uom.a(PG:3)
10-22 14:43:14.077  6070  6110 D StrictMode: 	at epo.a(PG:171)
10-22 14:43:14.077  6070  6110 D StrictMode: 	at uom.a(PG:3)
10-22 14:43:14.077  6070  6110 D StrictMode: 	at dpu.u(Unknown Source:2)
10-22 14:43:14.077  6070  6110 D StrictMode: 	at dpu.t(PG:1)
10-22 14:43:14.077  6070  6110 D StrictMode: 	at cur.a(PG:122)
10-22 14:43:14.077  6070  6110 D StrictMode: 	at uom.a(PG:3)
10-22 14:43:14.077  6070  6110 D StrictMode: 	at hmc.B(PG:51)
10-22 14:43:14.077  6070  6110 D StrictMode: 	at hmc.z(PG:1)
10-22 14:43:14.077  6070  6110 D StrictMode: 	at hmc.x(PG:3)
10-22 14:43:14.077  6070  6110 D StrictMode: 	at dtp.onThermalStatusChanged(PG:10)
10-22 14:43:14.077  6070  6110 D StrictMode: 	at android.os.PowerManager$3.lambda$onStatusChange$0(PowerManager.java:1951)
10-22 14:43:14.077  6070  6110 D StrictMode: 	at android.os.-$$Lambda$PowerManager$3$IpywypHwh4Ty9Ep6SO6VX961lSU.run(Unknown Source:4)
10-22 14:43:14.077  6070  6110 D StrictMode: 	at oln.run(PG:4)
10-22 14:43:14.077  6070  6110 D StrictMode: 	at java.util.concurrent.ThreadPoolExecutor.runWorker(ThreadPoolExecutor.java:1167)
10-22 14:43:14.077  6070  6110 D StrictMode: 	at java.util.concurrent.ThreadPoolExecutor$Worker.run(ThreadPoolExecutor.java:641)
10-22 14:43:14.077  6070  6110 D StrictMode: 	at njs.run(PG:17)
10-22 14:43:14.077  6070  6110 D StrictMode: 	at olc.run(PG:6)
10-22 14:43:14.077  6070  6110 D StrictMode: 	at java.lang.Thread.run(Thread.java:923)
10-22 14:43:14.084   304   304 D goldfish-address-space: claimShared: Ask to claim region [0x3f4000000 0x3f4965000]
10-22 14:43:14.087  6070  6110 D StrictMode: StrictMode policy violation: android.os.strictmode.DiskReadViolation
10-22 14:43:14.087  6070  6110 D StrictMode: 	at android.os.StrictMode$AndroidBlockGuardPolicy.onReadFromDisk(StrictMode.java:1596)
10-22 14:43:14.087  6070  6110 D StrictMode: 	at libcore.io.BlockGuardOs.read(BlockGuardOs.java:304)
10-22 14:43:14.087  6070  6110 D StrictMode: 	at libcore.io.ForwardingOs.read(ForwardingOs.java:176)
10-22 14:43:14.087  6070  6110 D StrictMode: 	at libcore.io.IoBridge.read(IoBridge.java:509)
10-22 14:43:14.087  6070  6110 D StrictMode: 	at java.io.FileInputStream.read(FileInputStream.java:320)
10-22 14:43:14.087  6070  6110 D StrictMode: 	at sun.nio.cs.StreamDecoder.readBytes(StreamDecoder.java:291)
10-22 14:43:14.087  6070  6110 D StrictMode: 	at sun.nio.cs.StreamDecoder.implRead(StreamDecoder.java:355)
10-22 14:43:14.087  6070  6110 D StrictMode: 	at sun.nio.cs.StreamDecoder.read(StreamDecoder.java:181)
10-22 14:43:14.087  6070  6110 D StrictMode: 	at java.io.InputStreamReader.read(InputStreamReader.java:184)
10-22 14:43:14.087  6070  6110 D StrictMode: 	at java.io.BufferedReader.fill(BufferedReader.java:172)
10-22 14:43:14.087  6070  6110 D StrictMode: 	at java.io.BufferedReader.readLine(BufferedReader.java:335)
10-22 14:43:14.087  6070  6110 D StrictMode: 	at java.io.BufferedReader.readLine(BufferedReader.java:400)
10-22 14:43:14.087  6070  6110 D StrictMode: 	at vio.d(PG:2)
10-22 14:43:14.087  6070  6110 D StrictMode: 	at lew.d(PG:3)
10-22 14:43:14.087  6070  6110 D StrictMode: 	at lew.a(Unknown Source:4)
10-22 14:43:14.087  6070  6110 D StrictMode: 	at cur.a(PG:72)
10-22 14:43:14.087  6070  6110 D StrictMode: 	at uom.a(PG:3)
10-22 14:43:14.087  6070  6110 D StrictMode: 	at epo.a(PG:171)
10-22 14:43:14.087  6070  6110 D StrictMode: 	at uom.a(PG:3)
10-22 14:43:14.087  6070  6110 D StrictMode: 	at dpu.u(Unknown Source:2)
10-22 14:43:14.087  6070  6110 D StrictMode: 	at dpu.t(PG:1)
10-22 14:43:14.087  6070  6110 D StrictMode: 	at cur.a(PG:122)
10-22 14:43:14.087  6070  6110 D StrictMode: 	at uom.a(PG:3)
10-22 14:43:14.087  6070  6110 D StrictMode: 	at hmc.B(PG:51)
10-22 14:43:14.087  6070  6110 D StrictMode: 	at hmc.z(PG:1)
10-22 14:43:14.087  6070  6110 D StrictMode: 	at hmc.x(PG:3)
10-22 14:43:14.087  6070  6110 D StrictMode: 	at dtp.onThermalStatusChanged(PG:10)
10-22 14:43:14.087  6070  6110 D StrictMode: 	at android.os.PowerManager$3.lambda$onStatusChange$0(PowerManager.java:1951)
10-22 14:43:14.087  6070  6110 D StrictMode: 	at android.os.-$$Lambda$PowerManager$3$IpywypHwh4Ty9Ep6SO6VX961lSU.run(Unknown Source:4)
10-22 14:43:14.087  6070  6110 D StrictMode: 	at oln.run(PG:4)
10-22 14:43:14.087  6070  6110 D StrictMode: 	at java.util.concurrent.ThreadPoolExecutor.runWorker(ThreadPoolExecutor.java:1167)
10-22 14:43:14.087  6070  6110 D StrictMode: 	at java.util.concurrent.ThreadPoolExecutor$Worker.run(ThreadPoolExecutor.java:641)
10-22 14:43:14.087  6070  6110 D StrictMode: 	at njs.run(PG:17)
10-22 14:43:14.087  6070  6110 D StrictMode: 	at olc.run(PG:6)
10-22 14:43:14.087  6070  6110 D StrictMode: 	at java.lang.Thread.run(Thread.java:923)
10-22 14:43:14.090  6070  6110 D StrictMode: StrictMode policy violation: android.os.strictmode.DiskReadViolation
10-22 14:43:14.090  6070  6110 D StrictMode: 	at android.os.StrictMode$AndroidBlockGuardPolicy.onReadFromDisk(StrictMode.java:1596)
10-22 14:43:14.090  6070  6110 D StrictMode: 	at libcore.io.BlockGuardOs.open(BlockGuardOs.java:249)
10-22 14:43:14.090  6070  6110 D StrictMode: 	at libcore.io.ForwardingOs.open(ForwardingOs.java:166)
10-22 14:43:14.090  6070  6110 D StrictMode: 	at android.app.ActivityThread$AndroidOs.open(ActivityThread.java:7542)
10-22 14:43:14.090  6070  6110 D StrictMode: 	at libcore.io.IoBridge.open(IoBridge.java:478)
10-22 14:43:14.090  6070  6110 D StrictMode: 	at java.io.FileInputStream.<init>(FileInputStream.java:160)
10-22 14:43:14.090  6070  6110 D StrictMode: 	at viv.h(Unknown Source:4)
10-22 14:43:14.090  6070  6110 D StrictMode: 	at viv.b(Unknown Source:0)
10-22 14:43:14.090  6070  6110 D StrictMode: 	at vii.a(Unknown Source:4)
10-22 14:43:14.090  6070  6110 D StrictMode: 	at vio.c(PG:1)
10-22 14:43:14.090  6070  6110 D StrictMode: 	at vio.d(PG:2)
10-22 14:43:14.090  6070  6110 D StrictMode: 	at lew.d(PG:3)
10-22 14:43:14.090  6070  6110 D StrictMode: 	at lew.b(Unknown Source:21)
10-22 14:43:14.090  6070  6110 D StrictMode: 	at leu.b(PG:2)
10-22 14:43:14.090  6070  6110 D StrictMode: 	at cur.a(PG:75)
10-22 14:43:14.090  6070  6110 D StrictMode: 	at uom.a(PG:3)
10-22 14:43:14.090  6070  6110 D StrictMode: 	at epo.a(PG:171)
10-22 14:43:14.090  6070  6110 D StrictMode: 	at uom.a(PG:3)
10-22 14:43:14.090  6070  6110 D StrictMode: 	at dpu.u(Unknown Source:2)
10-22 14:43:14.090  6070  6110 D StrictMode: 	at dpu.t(PG:1)
10-22 14:43:14.090  6070  6110 D StrictMode: 	at cur.a(PG:122)
10-22 14:43:14.090  6070  6110 D StrictMode: 	at uom.a(PG:3)
10-22 14:43:14.090  6070  6110 D StrictMode: 	at hmc.B(PG:51)
10-22 14:43:14.090  6070  6110 D StrictMode: 	at hmc.z(PG:1)
10-22 14:43:14.090  6070  6110 D StrictMode: 	at hmc.x(PG:3)
10-22 14:43:14.090  6070  6110 D StrictMode: 	at dtp.onThermalStatusChanged(PG:10)
10-22 14:43:14.090  6070  6110 D StrictMode: 	at android.os.PowerManager$3.lambda$onStatusChange$0(PowerManager.java:1951)
10-22 14:43:14.090  6070  6110 D StrictMode: 	at android.os.-$$Lambda$PowerManager$3$IpywypHwh4Ty9Ep6SO6VX961lSU.run(Unknown Source:4)
10-22 14:43:14.090  6070  6110 D StrictMode: 	at oln.run(PG:4)
10-22 14:43:14.090  6070  6110 D StrictMode: 	at java.util.concurrent.ThreadPoolExecutor.runWorker(ThreadPoolExecutor.java:1167)
10-22 14:43:14.090  6070  6110 D StrictMode: 	at java.util.concurrent.ThreadPoolExecutor$Worker.run(ThreadPoolExecutor.java:641)
10-22 14:43:14.090  6070  6110 D StrictMode: 	at njs.run(PG:17)
10-22 14:43:14.090  6070  6110 D StrictMode: 	at olc.run(PG:6)
10-22 14:43:14.090  6070  6110 D StrictMode: 	at java.lang.Thread.run(Thread.java:923)
10-22 14:43:14.091  6070  6110 D StrictMode: StrictMode policy violation: android.os.strictmode.DiskReadViolation
10-22 14:43:14.091  6070  6110 D StrictMode: 	at android.os.StrictMode$AndroidBlockGuardPolicy.onReadFromDisk(StrictMode.java:1596)
10-22 14:43:14.091  6070  6110 D StrictMode: 	at libcore.io.BlockGuardOs.fstat(BlockGuardOs.java:174)
10-22 14:43:14.091  6070  6110 D StrictMode: 	at libcore.io.ForwardingOs.fstat(ForwardingOs.java:106)
10-22 14:43:14.091  6070  6110 D StrictMode: 	at libcore.io.IoBridge.open(IoBridge.java:481)
10-22 14:43:14.091  6070  6110 D StrictMode: 	at java.io.FileInputStream.<init>(FileInputStream.java:160)
10-22 14:43:14.091  6070  6110 D StrictMode: 	at viv.h(Unknown Source:4)
10-22 14:43:14.091  6070  6110 D StrictMode: 	at viv.b(Unknown Source:0)
10-22 14:43:14.091  6070  6110 D StrictMode: 	at vii.a(Unknown Source:4)
10-22 14:43:14.091  6070  6110 D StrictMode: 	at vio.c(PG:1)
10-22 14:43:14.091  6070  6110 D StrictMode: 	at vio.d(PG:2)
10-22 14:43:14.091  6070  6110 D StrictMode: 	at lew.d(PG:3)
10-22 14:43:14.091  6070  6110 D StrictMode: 	at lew.b(Unknown Source:21)
10-22 14:43:14.091  6070  6110 D StrictMode: 	at leu.b(PG:2)
10-22 14:43:14.091  6070  6110 D StrictMode: 	at cur.a(PG:75)
10-22 14:43:14.091  6070  6110 D StrictMode: 	at uom.a(PG:3)
10-22 14:43:14.091  6070  6110 D StrictMode: 	at epo.a(PG:171)
10-22 14:43:14.091  6070  6110 D StrictMode: 	at uom.a(PG:3)
10-22 14:43:14.091  6070  6110 D StrictMode: 	at dpu.u(Unknown Source:2)
10-22 14:43:14.091  6070  6110 D StrictMode: 	at dpu.t(PG:1)
10-22 14:43:14.091  6070  6110 D StrictMode: 	at cur.a(PG:122)
10-22 14:43:14.091  6070  6110 D StrictMode: 	at uom.a(PG:3)
10-22 14:43:14.091  6070  6110 D StrictMode: 	at hmc.B(PG:51)
10-22 14:43:14.091  6070  6110 D StrictMode: 	at hmc.z(PG:1)
10-22 14:43:14.091  6070  6110 D StrictMode: 	at hmc.x(PG:3)
10-22 14:43:14.091  6070  6110 D StrictMode: 	at dtp.onThermalStatusChanged(PG:10)
10-22 14:43:14.091  6070  6110 D StrictMode: 	at android.os.PowerManager$3.lambda$onStatusChange$0(PowerManager.java:1951)
10-22 14:43:14.091  6070  6110 D StrictMode: 	at android.os.-$$Lambda$PowerManager$3$IpywypHwh4Ty9Ep6SO6VX961lSU.run(Unknown Source:4)
10-22 14:43:14.091  6070  6110 D StrictMode: 	at oln.run(PG:4)
10-22 14:43:14.091  6070  6110 D StrictMode: 	at java.util.concurrent.ThreadPoolExecutor.runWorker(ThreadPoolExecutor.java:1167)
10-22 14:43:14.091  6070  6110 D StrictMode: 	at java.util.concurrent.ThreadPoolExecutor$Worker.run(ThreadPoolExecutor.java:641)
10-22 14:43:14.091  6070  6110 D StrictMode: 	at njs.run(PG:17)
10-22 14:43:14.091  6070  6110 D StrictMode: 	at olc.run(PG:6)
10-22 14:43:14.091  6070  6110 D StrictMode: 	at java.lang.Thread.run(Thread.java:923)
10-22 14:43:14.106  6070  6110 D StrictMode: StrictMode policy violation: android.os.strictmode.DiskReadViolation
10-22 14:43:14.106  6070  6110 D StrictMode: 	at android.os.StrictMode$AndroidBlockGuardPolicy.onReadFromDisk(StrictMode.java:1596)
