10-22 14:43:01.502  1622  4613 I LocationHistory: [IntentOperation] Module is disabled [CONTEXT service_id=314 ]
10-22 14:43:01.514  1192  1192 I GoogleInputMethodService: GoogleInputMethodService.updateDeviceLockedStatus():2169 repeatCheckTimes = 0, unlocked = true
10-22 14:43:01.515  1192  1192 I GoogleInputMethodService: GoogleInputMethodService.onStartInput():1960 onStartInput(EditorInfo{inputType=0x0(NULL) imeOptions=0x0 privateImeOptions=null actionName=UNSPECIFIED actionLabel=null actionId=0 initialSelStart=-1 initialSelEnd=-1 initialCapsMode=0x0 hintText=null label=null packageName=com.example.dogglers fieldId=-1 fieldName=null extras=null}, false)
10-22 14:43:01.516  1192  1192 I GoogleInputMethodService: GoogleInputMethodService.shouldHideHeaderOnInitialState():4081 ShouldHideHeaderOnInitialState = false
10-22 14:43:01.517  1192  1192 I GoogleInputMethodService: GoogleInputMethodService.updateDeviceLockedStatus():2169 repeatCheckTimes = 2, unlocked = true
10-22 14:43:01.545  1150  5121 W ChimeraUtils: Module com.google.android.gms.nearby_en has empty metadata display_name_string_id
10-22 14:43:01.545  1622  1836 I Icing   : Indexing com.google.android.gms-apps from com.google.android.gms
10-22 14:43:01.550  5879  5929 D HostConnection: HostConnection::get() New Host Connection established 0xec1227c0, tid 5929
10-22 14:43:01.552   522   533 W System  : A resource failed to call close.
10-22 14:43:01.553   522   533 I chatty  : uid=1000(system) FinalizerDaemon identical 1 line
10-22 14:43:01.553   522   533 W System  : A resource failed to call close.
10-22 14:43:01.573  1622  1836 I Icing   : Indexing done com.google.android.gms-apps
10-22 14:43:01.581   522   533 W System  : A resource failed to call close.
10-22 14:43:01.582   522   533 W System  : A resource failed to call release.
10-22 14:43:01.632  5788  5788 W xample.doggler: Accessing hidden method Landroid/os/MessageQueue;->next()Landroid/os/Message; (greylist, reflection, allowed)
10-22 14:43:01.632  5788  5788 W xample.doggler: Accessing hidden field Landroid/os/MessageQueue;->mMessages:Landroid/os/Message; (greylist, reflection, allowed)
10-22 14:43:01.634  5788  5788 W xample.doggler: Accessing hidden method Landroid/os/Message;->recycleUnchecked()V (greylist, reflection, allowed)
10-22 14:43:01.670  5788  5788 W xample.doggler: Accessing hidden method Landroid/view/WindowManagerGlobal;->getInstance()Landroid/view/WindowManagerGlobal; (greylist, reflection, allowed)
10-22 14:43:01.670  5788  5788 W xample.doggler: Accessing hidden field Landroid/view/WindowManagerGlobal;->mViews:Ljava/util/ArrayList; (greylist, reflection, allowed)
10-22 14:43:01.673  5788  5788 W xample.doggler: Accessing hidden field Landroid/view/WindowManagerGlobal;->mParams:Ljava/util/ArrayList; (greylist, reflection, allowed)
10-22 14:43:01.727  5788  5788 I ViewInteraction: Checking 'com.example.dogglers.BaseTest$DrawableMatcher$RecyclerViewAssertion@ccf853d' assertion on view view.getId() is <2131230934/com.example.dogglers:id/grid_recycler_view>
10-22 14:43:01.745   522   542 D EventSequenceValidator: Transition from INIT to INTENT_STARTED
10-22 14:43:01.778  5788  5788 D LifecycleMonitor: Lifecycle status change: com.example.dogglers.GridListActivity@5bc5e81 in: PAUSED
10-22 14:43:01.778  5788  5788 V ActivityScenario: Update currentActivityStage to PAUSED, currentActivity=com.example.dogglers.GridListActivity@5bc5e81
10-22 14:43:01.780   522   542 D EventSequenceValidator: Transition from INTENT_STARTED to INTENT_FAILED
10-22 14:43:01.787   522  3241 W InputReader: Device virtio_input_multi_touch_9 is associated with display ADISPLAY_ID_NONE.
10-22 14:43:01.787   522  3241 W InputReader: Device virtio_input_multi_touch_7 is associated with display ADISPLAY_ID_NONE.
10-22 14:43:01.787   522  3241 W InputReader: Device virtio_input_multi_touch_10 is associated with display ADISPLAY_ID_NONE.
10-22 14:43:01.787   522  3241 W InputReader: Device virtio_input_multi_touch_4 is associated with display ADISPLAY_ID_NONE.
10-22 14:43:01.787   522  3241 W InputReader: Device virtio_input_multi_touch_11 is associated with display ADISPLAY_ID_NONE.
10-22 14:43:01.787   522  3241 W InputReader: Device virtio_input_multi_touch_5 is associated with display ADISPLAY_ID_NONE.
10-22 14:43:01.788   522  3241 W InputReader: Device virtio_input_multi_touch_2 is associated with display ADISPLAY_ID_NONE.
10-22 14:43:01.788   522  3241 W InputReader: Device virtio_input_multi_touch_6 is associated with display ADISPLAY_ID_NONE.
10-22 14:43:01.788   522  3241 W InputReader: Device virtio_input_multi_touch_3 is associated with display ADISPLAY_ID_NONE.
10-22 14:43:01.788   522  3241 W InputReader: Device virtio_input_multi_touch_8 is associated with display ADISPLAY_ID_NONE.
10-22 14:43:01.788   522  3241 W InputReader: Device virtio_input_multi_touch_9 is associated with display ADISPLAY_ID_NONE.
10-22 14:43:01.788   522  3241 W InputReader: Device virtio_input_multi_touch_7 is associated with display ADISPLAY_ID_NONE.
10-22 14:43:01.788   522  3241 W InputReader: Device virtio_input_multi_touch_10 is associated with display ADISPLAY_ID_NONE.
10-22 14:43:01.788   522  3241 W InputReader: Device virtio_input_multi_touch_4 is associated with display ADISPLAY_ID_NONE.
10-22 14:43:01.788   522  3241 W InputReader: Device virtio_input_multi_touch_11 is associated with display ADISPLAY_ID_NONE.
10-22 14:43:01.788   522  3241 W InputReader: Device virtio_input_multi_touch_5 is associated with display ADISPLAY_ID_NONE.
10-22 14:43:01.788   522  3241 W InputReader: Device virtio_input_multi_touch_2 is associated with display ADISPLAY_ID_NONE.
10-22 14:43:01.788   522  3241 W InputReader: Device virtio_input_multi_touch_6 is associated with display ADISPLAY_ID_NONE.
10-22 14:43:01.789   522  3241 W InputReader: Device virtio_input_multi_touch_3 is associated with display ADISPLAY_ID_NONE.
10-22 14:43:01.789   522  3241 W InputReader: Device virtio_input_multi_touch_8 is associated with display ADISPLAY_ID_NONE.
10-22 14:43:01.824  5879  5929 D HostConnection: HostComposition ext ANDROID_EMU_CHECKSUM_HELPER_v1 ANDROID_EMU_native_sync_v2 ANDROID_EMU_native_sync_v3 ANDROID_EMU_native_sync_v4 ANDROID_EMU_dma_v1 ANDROID_EMU_direct_mem ANDROID_EMU_host_composition_v1 ANDROID_EMU_host_composition_v2 ANDROID_EMU_vulkan ANDROID_EMU_deferred_vulkan_commands ANDROID_EMU_vulkan_null_optional_strings ANDROID_EMU_vulkan_create_resources_with_requirements ANDROID_EMU_YUV_Cache ANDROID_EMU_vulkan_ignored_handles ANDROID_EMU_has_shared_slots_host_memory_allocator ANDROID_EMU_vulkan_free_memory_sync ANDROID_EMU_vulkan_shader_float16_int8 ANDROID_EMU_vulkan_async_queue_submit ANDROID_EMU_sync_buffer_data ANDROID_EMU_read_color_buffer_dma GL_OES_vertex_array_object GL_KHR_texture_compression_astc_ldr ANDROID_EMU_host_side_tracing ANDROID_EMU_gles_max_version_2
10-22 14:43:01.826  5788  5788 D LifecycleMonitor: Lifecycle status change: androidx.test.core.app.InstrumentationActivityInvoker$EmptyActivity@5ab6fdf in: PRE_ON_CREATE
10-22 14:43:01.827  5788  5788 V ActivityScenario: Activity lifecycle changed event received but ignored because the intent does not match. startActivityIntent=Intent { act=android.intent.action.MAIN cat=[android.intent.category.LAUNCHER] cmp=com.example.dogglers/.GridListActivity }, activity.getIntent()=Intent { act=android.intent.action.MAIN cat=[android.intent.category.LAUNCHER] flg=0x10000000 cmp=com.example.dogglers/androidx.test.core.app.InstrumentationActivityInvoker$EmptyActivity }, activity=androidx.test.core.app.InstrumentationActivityInvoker$EmptyActivity@5ab6fdf
10-22 14:43:01.860  5879  5925 I TetheringManager: registerTetheringEventCallback:com.google.android.apps.maps
10-22 14:43:01.860  1150  2607 W WakeLock: wake:CollectionChimeraSvc counter does not exist
10-22 14:43:01.892  5788  5788 D LifecycleMonitor: Lifecycle status change: androidx.test.core.app.InstrumentationActivityInvoker$EmptyActivity@5ab6fdf in: CREATED
10-22 14:43:01.896  5788  5788 V ActivityScenario: Activity lifecycle changed event received but ignored because the intent does not match. startActivityIntent=Intent { act=android.intent.action.MAIN cat=[android.intent.category.LAUNCHER] cmp=com.example.dogglers/.GridListActivity }, activity.getIntent()=Intent { act=android.intent.action.MAIN cat=[android.intent.category.LAUNCHER] flg=0x10000000 cmp=com.example.dogglers/androidx.test.core.app.InstrumentationActivityInvoker$EmptyActivity }, activity=androidx.test.core.app.InstrumentationActivityInvoker$EmptyActivity@5ab6fdf
10-22 14:43:01.897   173   173 I hwservicemanager: getTransport: Cannot find entry android.hardware.configstore@1.0::ISurfaceFlingerConfigs/default in either framework or device manifest.
10-22 14:43:01.902  1150  4950 I GCoreUlr: WorldUpdater received intent Intent { act=com.google.android.location.reporting.ACTION_UPDATE_WORLD cmp=com.google.android.gms/com.google.android.location.reporting.service.DispatchingService (has extras) } with receiverAction android.location.PROVIDERS_CHANGED
10-22 14:43:01.930  5788  5788 D LifecycleMonitor: Lifecycle status change: androidx.test.core.app.InstrumentationActivityInvoker$EmptyActivity@5ab6fdf in: STARTED
10-22 14:43:01.935  5788  5788 V ActivityScenario: Activity lifecycle changed event received but ignored because the intent does not match. startActivityIntent=Intent { act=android.intent.action.MAIN cat=[android.intent.category.LAUNCHER] cmp=com.example.dogglers/.GridListActivity }, activity.getIntent()=Intent { act=android.intent.action.MAIN cat=[android.intent.category.LAUNCHER] flg=0x10000000 cmp=com.example.dogglers/androidx.test.core.app.InstrumentationActivityInvoker$EmptyActivity }, activity=androidx.test.core.app.InstrumentationActivityInvoker$EmptyActivity@5ab6fdf
10-22 14:43:01.938  5788  5788 D LifecycleMonitor: Lifecycle status change: androidx.test.core.app.InstrumentationActivityInvoker$EmptyActivity@5ab6fdf in: RESUMED
10-22 14:43:01.964  5788  5788 V ActivityScenario: Activity lifecycle changed event received but ignored because the intent does not match. startActivityIntent=Intent { act=android.intent.action.MAIN cat=[android.intent.category.LAUNCHER] cmp=com.example.dogglers/.GridListActivity }, activity.getIntent()=Intent { act=android.intent.action.MAIN cat=[android.intent.category.LAUNCHER] flg=0x10000000 cmp=com.example.dogglers/androidx.test.core.app.InstrumentationActivityInvoker$EmptyActivity }, activity=androidx.test.core.app.InstrumentationActivityInvoker$EmptyActivity@5ab6fdf
10-22 14:43:01.974  5879  5929 D EGL_emulation: eglCreateContext: 0xec1232b0: maj 2 min 0 rcv 2
10-22 14:43:02.002  1622  5409 W Conscrypt: Could not set socket write timeout: java.net.SocketException: Socket closed
10-22 14:43:02.003  1622  5409 W Conscrypt: 	at com.google.android.gms.org.conscrypt.Platform.setSocketWriteTimeout(:com.google.android.gms@223915040@22.39.15 (150700-480654083):2)
10-22 14:43:02.004   522   629 D WifiNetworkFactory: got request NetworkRequest [ TRACK_DEFAULT id=83, [ Capabilities: INTERNET&NOT_RESTRICTED&TRUSTED Uid: 10123 AdministratorUids: [] RequestorUid: 10123 RequestorPackageName: com.google.android.apps.maps] ] with score 60 and providerId 3
10-22 14:43:02.004   522   629 D UntrustedWifiNetworkFactory: got request NetworkRequest [ TRACK_DEFAULT id=83, [ Capabilities: INTERNET&NOT_RESTRICTED&TRUSTED Uid: 10123 AdministratorUids: [] RequestorUid: 10123 RequestorPackageName: com.google.android.apps.maps] ] with score 60 and providerId 3
10-22 14:43:02.005   900   900 D PhoneSwitcherNetworkRequstListener: got request NetworkRequest [ TRACK_DEFAULT id=83, [ Capabilities: INTERNET&NOT_RESTRICTED&TRUSTED Uid: 10123 AdministratorUids: [] RequestorUid: 10123 RequestorPackageName: com.google.android.apps.maps] ] with score 60 and providerId 3
10-22 14:43:02.008  1622  5409 W Conscrypt: 	at com.google.android.gms.org.conscrypt.ConscryptFileDescriptorSocket.setSoWriteTimeout(:com.google.android.gms@223915040@22.39.15 (150700-480654083):0)
10-22 14:43:02.043   900   900 D Telephony: isEmergencyPreferredAccount: subId=1, activeData=1
10-22 14:43:02.043  1150  4950 I GCoreUlr: WorldUpdater:android.location.PROVIDERS_CHANGED: Ensuring that reporting is stopped because of reasons: {account#1#=[InactiveReason{mIdentifier=6, mName='ReportingNotEnabled'}, InactiveReason{mIdentifier=14, mName='HistoryNotEnabled'}]}
10-22 14:43:02.043   900   900 D Telephony: isEmergencyPreferredAccount: Device does not require preference.
10-22 14:43:02.045   698   698 V KeyguardUpdateMonitor: onSubscriptionInfoChanged()
10-22 14:43:02.056   698   698 V KeyguardUpdateMonitor: SubInfo:{id=1 iccId=890141032[****] simSlotIndex=0 carrierId=1 displayName=T-Mobile carrierName=T-Mobile nameSource=3 iconTint=-16746133 number=[****] dataRoaming=0 iconBitmap=android.graphics.Bitmap@8b98365 mcc=310 mnc=260 countryIso=us isEmbedded=false nativeAccessRules=null cardString=890141032[****] cardId=-1 isOpportunistic=false groupUUID=null isGroupDisabled=false profileClass=-1 ehplmns=null hplmns=null subscriptionType=0 groupOwner=null carrierConfigAccessRules=null areUiccApplicationsEnabled=true}
10-22 14:43:02.091  5879  5929 D EGL_emulation: eglMakeCurrent: 0xec1232b0: ver 2 0 (tinfo 0xec4581d0) (first time)
10-22 14:43:02.107  2624  5825 W Finsky  : [295] rfy.p(67): Package com.android.art not installed
10-22 14:43:02.119   304  1290 D goldfish-address-space: claimShared: Ask to claim region [0x3fa71e000 0x3fb083000]
10-22 14:43:02.123  1622  5409 W Conscrypt: Could not set socket write timeout: java.net.SocketException: Socket closed
10-22 14:43:02.123  1622  5409 W Conscrypt: 	at com.google.android.gms.org.conscrypt.Platform.setSocketWriteTimeout(:com.google.android.gms@223915040@22.39.15 (150700-480654083):2)
10-22 14:43:02.127  1150  4950 I GCoreUlr: Unbound from all signal providers.
10-22 14:43:02.132  1622  5409 W Conscrypt: 	at com.google.android.gms.org.conscrypt.ConscryptFileDescriptorSocket.setSoWriteTimeout(:com.google.android.gms@223915040@22.39.15 (150700-480654083):0)
10-22 14:43:02.140   304  1290 D goldfish-address-space: claimShared: Ask to claim region [0x3fc965000 0x3fd2ca000]
10-22 14:43:02.153   304  1290 D goldfish-address-space: claimShared: Ask to claim region [0x3fd2ca000 0x3fdc2f000]
10-22 14:43:02.175  2624  5825 W Finsky  : [295] rfy.p(67): Package com.android.apex.cts.shim not installed
10-22 14:43:02.215   522   553 I ActivityTaskManager: Displayed com.example.dogglers/androidx.test.core.app.InstrumentationActivityInvoker$EmptyActivity: +465ms
10-22 14:43:02.230  1150  2669 I Nearby  : [MBleClient] Start ble scanning from NearbyDirect:BluetoothAdapterWrapper, context tag = nearby_messages [CONTEXT service_id=49 ]
10-22 14:43:02.230  1150  2669 D BluetoothAdapter: isLeEnabled(): ON
10-22 14:43:02.280  1150  2669 I Nearby  : [MBleClient] M hardware scan: 1 clients, scanMode= LOW_LATENCY, callback type= ALL_MATCHES [CONTEXT service_id=49 ]
10-22 14:43:02.280  1150  2669 D BluetoothAdapter: isLeEnabled(): ON
10-22 14:43:02.294  5879  5923 I droid.apps.map: Waiting for a blocking GC ClassLinker
10-22 14:43:02.301  5788  5788 D LifecycleMonitor: Lifecycle status change: com.example.dogglers.GridListActivity@5bc5e81 in: STOPPED
10-22 14:43:02.302  5788  5788 V ActivityScenario: Update currentActivityStage to STOPPED, currentActivity=com.example.dogglers.GridListActivity@5bc5e81
10-22 14:43:02.305   522   542 D EventSequenceValidator: Transition from INTENT_FAILED to INTENT_STARTED
10-22 14:43:02.306  5788  5788 D LifecycleMonitor: Lifecycle status change: com.example.dogglers.GridListActivity@5bc5e81 in: DESTROYED
10-22 14:43:02.307  5788  5788 V ActivityScenario: Update currentActivityStage to DESTROYED, currentActivity=null
10-22 14:43:02.338   522   542 D EventSequenceValidator: Transition from INTENT_STARTED to INTENT_FAILED
10-22 14:43:02.340  2624  5825 W Finsky  : [295] rfy.p(67): Package com.android.i18n not installed
10-22 14:43:02.388  1150  4950 I GCoreUlr: WorldUpdater received intent Intent { act=com.google.android.location.reporting.ACTION_UPDATE_WORLD cmp=com.google.android.gms/com.google.android.location.reporting.service.DispatchingService (has extras) } with receiverAction android.location.PROVIDERS_CHANGED
10-22 14:43:02.389  5879  5923 I droid.apps.map: WaitForGcToComplete blocked ClassLinker on AddRemoveAppImageSpace for 67.268ms
10-22 14:43:02.392   680  1067 I bt_stack: [INFO:gatt_api.cc(947)] GATT_Register 7ade749d-0b30-f7c3-7aa0-bce632a23702
10-22 14:43:02.393   680  1067 I bt_stack: [INFO:gatt_api.cc(967)] allocated gatt_if=6
10-22 14:43:02.393  1150  2267 D BluetoothLeScanner: onScannerRegistered() - status=0 scannerId=6 mScannerId=0
10-22 14:43:02.456  5788  5788 D LifecycleMonitor: Lifecycle status change: androidx.test.core.app.InstrumentationActivityInvoker$EmptyActivity@5ab6fdf in: PAUSED
10-22 14:43:02.456  5788  5788 V ActivityScenario: Activity lifecycle changed event received but ignored because the intent does not match. startActivityIntent=Intent { act=android.intent.action.MAIN cat=[android.intent.category.LAUNCHER] cmp=com.example.dogglers/.GridListActivity }, activity.getIntent()=Intent { act=android.intent.action.MAIN cat=[android.intent.category.LAUNCHER] flg=0x10000000 cmp=com.example.dogglers/androidx.test.core.app.InstrumentationActivityInvoker$EmptyActivity }, activity=androidx.test.core.app.InstrumentationActivityInvoker$EmptyActivity@5ab6fdf
10-22 14:43:02.459   522  3241 W InputReader: Device virtio_input_multi_touch_9 is associated with display ADISPLAY_ID_NONE.
10-22 14:43:02.459   522  3241 W InputReader: Device virtio_input_multi_touch_7 is associated with display ADISPLAY_ID_NONE.
10-22 14:43:02.459   522  3241 W InputReader: Device virtio_input_multi_touch_10 is associated with display ADISPLAY_ID_NONE.
10-22 14:43:02.459   522  3241 W InputReader: Device virtio_input_multi_touch_4 is associated with display ADISPLAY_ID_NONE.
10-22 14:43:02.459   522  3241 W InputReader: Device virtio_input_multi_touch_11 is associated with display ADISPLAY_ID_NONE.
10-22 14:43:02.459   522  3241 W InputReader: Device virtio_input_multi_touch_5 is associated with display ADISPLAY_ID_NONE.
10-22 14:43:02.459   522  3241 W InputReader: Device virtio_input_multi_touch_2 is associated with display ADISPLAY_ID_NONE.
10-22 14:43:02.459   522  3241 W InputReader: Device virtio_input_multi_touch_6 is associated with display ADISPLAY_ID_NONE.
10-22 14:43:02.459   522  3241 W InputReader: Device virtio_input_multi_touch_3 is associated with display ADISPLAY_ID_NONE.
10-22 14:43:02.459   522  3241 W InputReader: Device virtio_input_multi_touch_8 is associated with display ADISPLAY_ID_NONE.
10-22 14:43:02.460   522  3241 W InputReader: Device virtio_input_multi_touch_9 is associated with display ADISPLAY_ID_NONE.
10-22 14:43:02.460   522  3241 W InputReader: Device virtio_input_multi_touch_7 is associated with display ADISPLAY_ID_NONE.
10-22 14:43:02.460   522  3241 W InputReader: Device virtio_input_multi_touch_10 is associated with display ADISPLAY_ID_NONE.
10-22 14:43:02.460   522  3241 W InputReader: Device virtio_input_multi_touch_4 is associated with display ADISPLAY_ID_NONE.
10-22 14:43:02.460   522  3241 W InputReader: Device virtio_input_multi_touch_11 is associated with display ADISPLAY_ID_NONE.
10-22 14:43:02.460   522  3241 W InputReader: Device virtio_input_multi_touch_5 is associated with display ADISPLAY_ID_NONE.
10-22 14:43:02.460   522  3241 W InputReader: Device virtio_input_multi_touch_2 is associated with display ADISPLAY_ID_NONE.
10-22 14:43:02.460   522  3241 W InputReader: Device virtio_input_multi_touch_6 is associated with display ADISPLAY_ID_NONE.
10-22 14:43:02.460   522  3241 W InputReader: Device virtio_input_multi_touch_3 is associated with display ADISPLAY_ID_NONE.
10-22 14:43:02.460   522  3241 W InputReader: Device virtio_input_multi_touch_8 is associated with display ADISPLAY_ID_NONE.
10-22 14:43:02.531  1192  1192 I GoogleInputMethodService: GoogleInputMethodService.onFinishInput():3280
10-22 14:43:02.533  1192  1192 I GoogleInputMethodService: GoogleInputMethodService.updateDeviceLockedStatus():2169 repeatCheckTimes = 0, unlocked = true
10-22 14:43:02.533  1192  1192 I GoogleInputMethodService: GoogleInputMethodService.onStartInput():1960 onStartInput(EditorInfo{inputType=0x0(NULL) imeOptions=0x0 privateImeOptions=null actionName=UNSPECIFIED actionLabel=null actionId=0 initialSelStart=-1 initialSelEnd=-1 initialCapsMode=0x0 hintText=null label=null packageName=com.example.dogglers fieldId=-1 fieldName=null extras=null}, false)
10-22 14:43:02.534  1192  1192 I GoogleInputMethodService: GoogleInputMethodService.shouldHideHeaderOnInitialState():4081 ShouldHideHeaderOnInitialState = false
10-22 14:43:02.541  1192  1192 I GoogleInputMethodService: GoogleInputMethodService.updateDeviceLockedStatus():2169 repeatCheckTimes = 2, unlocked = true
10-22 14:43:02.542  5788  5788 D LifecycleMonitor: Lifecycle status change: androidx.test.core.app.InstrumentationActivityInvoker$BootstrapActivity@4a2fe77 in: DESTROYED
10-22 14:43:02.543  5788  5788 V ActivityScenario: Activity lifecycle changed event received but ignored because the intent does not match. startActivityIntent=Intent { act=android.intent.action.MAIN cat=[android.intent.category.LAUNCHER] cmp=com.example.dogglers/.GridListActivity }, activity.getIntent()=Intent { act=android.intent.action.MAIN cat=[android.intent.category.LAUNCHER] flg=0x10008000 cmp=com.example.dogglers/androidx.test.core.app.InstrumentationActivityInvoker$BootstrapActivity (has extras) }, activity=androidx.test.core.app.InstrumentationActivityInvoker$BootstrapActivity@4a2fe77
10-22 14:43:02.573  1150  5628 I NetworkScheduler.Stats: Task com.google.android.gms/com.google.android.gms.ads.social.GcmSchedulerWakeupService started execution. cause:7 exec_start_elapsed_seconds: 247 [CONTEXT service_id=218 ]
10-22 14:43:02.590  5788  5788 D LifecycleMonitor: Lifecycle status change: androidx.test.core.app.InstrumentationActivityInvoker$EmptyActivity@a1137ad in: PRE_ON_CREATE
10-22 14:43:02.590  5788  5788 V ActivityScenario: Activity lifecycle changed event received but ignored because the intent does not match. startActivityIntent=Intent { act=android.intent.action.MAIN cat=[android.intent.category.LAUNCHER] cmp=com.example.dogglers/.GridListActivity }, activity.getIntent()=Intent { act=android.intent.action.MAIN cat=[android.intent.category.LAUNCHER] flg=0x10000000 cmp=com.example.dogglers/androidx.test.core.app.InstrumentationActivityInvoker$EmptyActivity }, activity=androidx.test.core.app.InstrumentationActivityInvoker$EmptyActivity@a1137ad
10-22 14:43:02.608  5788  5788 D LifecycleMonitor: Lifecycle status change: androidx.test.core.app.InstrumentationActivityInvoker$EmptyActivity@a1137ad in: CREATED
10-22 14:43:02.609  5788  5788 V ActivityScenario: Activity lifecycle changed event received but ignored because the intent does not match. startActivityIntent=Intent { act=android.intent.action.MAIN cat=[android.intent.category.LAUNCHER] cmp=com.example.dogglers/.GridListActivity }, activity.getIntent()=Intent { act=android.intent.action.MAIN cat=[android.intent.category.LAUNCHER] flg=0x10000000 cmp=com.example.dogglers/androidx.test.core.app.InstrumentationActivityInvoker$EmptyActivity }, activity=androidx.test.core.app.InstrumentationActivityInvoker$EmptyActivity@a1137ad
10-22 14:43:02.626  2624  5825 W Finsky  : [295] rfy.p(67): Package com.google.android.telephony not installed
10-22 14:43:02.640  2624  5825 W Finsky  : [295] rfy.p(67): Package com.google.android.runtime not installed
10-22 14:43:02.643  5788  5788 D LifecycleMonitor: Lifecycle status change: androidx.test.core.app.InstrumentationActivityInvoker$EmptyActivity@a1137ad in: STARTED
10-22 14:43:02.664  5788  5788 V ActivityScenario: Activity lifecycle changed event received but ignored because the intent does not match. startActivityIntent=Intent { act=android.intent.action.MAIN cat=[android.intent.category.LAUNCHER] cmp=com.example.dogglers/.GridListActivity }, activity.getIntent()=Intent { act=android.intent.action.MAIN cat=[android.intent.category.LAUNCHER] flg=0x10000000 cmp=com.example.dogglers/androidx.test.core.app.InstrumentationActivityInvoker$EmptyActivity }, activity=androidx.test.core.app.InstrumentationActivityInvoker$EmptyActivity@a1137ad
10-22 14:43:02.668  5788  5788 D LifecycleMonitor: Lifecycle status change: androidx.test.core.app.InstrumentationActivityInvoker$EmptyActivity@a1137ad in: RESUMED
10-22 14:43:02.669  5788  5788 V ActivityScenario: Activity lifecycle changed event received but ignored because the intent does not match. startActivityIntent=Intent { act=android.intent.action.MAIN cat=[android.intent.category.LAUNCHER] cmp=com.example.dogglers/.GridListActivity }, activity.getIntent()=Intent { act=android.intent.action.MAIN cat=[android.intent.category.LAUNCHER] flg=0x10000000 cmp=com.example.dogglers/androidx.test.core.app.InstrumentationActivityInvoker$EmptyActivity }, activity=androidx.test.core.app.InstrumentationActivityInvoker$EmptyActivity@a1137ad
10-22 14:43:02.673  5879  5923 W System  : ClassLoader referenced unknown path:
10-22 14:43:02.679  2624  5825 W Finsky  : [295] rfy.p(67): Package com.google.android.vndk.v30 not installed
10-22 14:43:02.697  1150  4950 I GCoreUlr: WorldUpdater:android.location.PROVIDERS_CHANGED: Ensuring that reporting is stopped because of reasons: {account#1#=[InactiveReason{mIdentifier=6, mName='ReportingNotEnabled'}, InactiveReason{mIdentifier=14, mName='HistoryNotEnabled'}]}
10-22 14:43:02.771  1150  4950 I GCoreUlr: Unbound from all signal providers.
10-22 14:43:02.812   304  1290 D goldfish-address-space: claimShared: Ask to claim region [0x3f84db000 0x3f8e40000]
10-22 14:43:02.848   304  1290 D goldfish-address-space: claimShared: Ask to claim region [0x3f97a5000 0x3fa10a000]
10-22 14:43:02.857   304  1290 D goldfish-address-space: claimShared: Ask to claim region [0x3fdc2f000 0x3fe594000]
10-22 14:43:02.874  5879  5913 I droid.apps.map: Waiting for a blocking GC ProfileSaver
10-22 14:43:02.880   522   553 I ActivityTaskManager: Displayed com.example.dogglers/androidx.test.core.app.InstrumentationActivityInvoker$EmptyActivity: +570ms
10-22 14:43:02.898  1150  5628 I NetworkScheduler.Stats: Task com.google.android.gms/com.google.android.gms.ads.social.GcmSchedulerWakeupService finished executing. cause:7 result: 1 elapsed_millis: 3324 uptime_millis: 3324 exec_start_elapsed_seconds: 247 [CONTEXT service_id=218 ]
10-22 14:43:02.941  1150  2531 I NearbyDiscovery: Show notifications: 0 total, no changes since last shown, no-op. [CONTEXT service_id=265 ]
10-22 14:43:02.957  1622  1622 D BoundBrokerSvc: onUnbind: Intent { act=com.google.android.gms.measurement.START pkg=com.google.android.gms }
10-22 14:43:02.975  5879  5913 I droid.apps.map: WaitForGcToComplete blocked ProfileSaver on RunEmptyCheckpoint for 100.495ms
10-22 14:43:03.003   304  1290 D goldfish-address-space: claimShared: Ask to claim region [0x3fb083000 0x3fb686000]
10-22 14:43:03.061  5879  5894 I droid.apps.map: WaitForGcToComplete blocked Background on ClassLinker for 9.519ms
10-22 14:43:03.091  5788  5788 D LifecycleMonitor: Lifecycle status change: androidx.test.core.app.InstrumentationActivityInvoker$EmptyActivity@5ab6fdf in: STOPPED
10-22 14:43:03.091  5788  5788 V ActivityScenario: Activity lifecycle changed event received but ignored because the intent does not match. startActivityIntent=Intent { act=android.intent.action.MAIN cat=[android.intent.category.LAUNCHER] cmp=com.example.dogglers/.GridListActivity }, activity.getIntent()=Intent { act=android.intent.action.MAIN cat=[android.intent.category.LAUNCHER] flg=0x10000000 cmp=com.example.dogglers/androidx.test.core.app.InstrumentationActivityInvoker$EmptyActivity }, activity=androidx.test.core.app.InstrumentationActivityInvoker$EmptyActivity@5ab6fdf
10-22 14:43:03.106  1150  4950 I GCoreUlr: DispatchingService ignoring Intent { act=android.net.wifi.WIFI_STATE_CHANGED flg=0x4000010 (has extras) } because ULR inactive
10-22 14:43:03.107  5788  5788 D LifecycleMonitor: Lifecycle status change: androidx.test.core.app.InstrumentationActivityInvoker$EmptyActivity@5ab6fdf in: DESTROYED
10-22 14:43:03.108  5788  5788 V ActivityScenario: Activity lifecycle changed event received but ignored because the intent does not match. startActivityIntent=Intent { act=android.intent.action.MAIN cat=[android.intent.category.LAUNCHER] cmp=com.example.dogglers/.GridListActivity }, activity.getIntent()=Intent { act=android.intent.action.MAIN cat=[android.intent.category.LAUNCHER] flg=0x10000000 cmp=com.example.dogglers/androidx.test.core.app.InstrumentationActivityInvoker$EmptyActivity }, activity=androidx.test.core.app.InstrumentationActivityInvoker$EmptyActivity@5ab6fdf
10-22 14:43:03.131  1150  1150 I GCoreUlr: Unbound from all signal providers.
10-22 14:43:03.132  1150  1150 I GCoreUlr: Stopping handler for UlrDispSvcFast
10-22 14:43:03.163  5788  5788 D LifecycleMonitor: Lifecycle status change: androidx.test.core.app.InstrumentationActivityInvoker$EmptyActivity@a1137ad in: PAUSED
10-22 14:43:03.165  5788  5788 V ActivityScenario: Activity lifecycle changed event received but ignored because the intent does not match. startActivityIntent=Intent { act=android.intent.action.MAIN cat=[android.intent.category.LAUNCHER] cmp=com.example.dogglers/.GridListActivity }, activity.getIntent()=Intent { act=android.intent.action.MAIN cat=[android.intent.category.LAUNCHER] flg=0x10000000 cmp=com.example.dogglers/androidx.test.core.app.InstrumentationActivityInvoker$EmptyActivity }, activity=androidx.test.core.app.InstrumentationActivityInvoker$EmptyActivity@a1137ad
10-22 14:43:03.201   522  5970 D HostConnection: HostConnection::get() New Host Connection established 0xec13e7c0, tid 5970
10-22 14:43:03.205   522   619 W InputReader: Device virtio_input_multi_touch_9 is associated with display ADISPLAY_ID_NONE.
10-22 14:43:03.205   522   619 W InputReader: Device virtio_input_multi_touch_7 is associated with display ADISPLAY_ID_NONE.
10-22 14:43:03.205   522   619 W InputReader: Device virtio_input_multi_touch_10 is associated with display ADISPLAY_ID_NONE.
10-22 14:43:03.205   522   619 W InputReader: Device virtio_input_multi_touch_4 is associated with display ADISPLAY_ID_NONE.
10-22 14:43:03.205   522   619 W InputReader: Device virtio_input_multi_touch_11 is associated with display ADISPLAY_ID_NONE.
10-22 14:43:03.205   522   619 W InputReader: Device virtio_input_multi_touch_5 is associated with display ADISPLAY_ID_NONE.
10-22 14:43:03.205   522   619 W InputReader: Device virtio_input_multi_touch_2 is associated with display ADISPLAY_ID_NONE.
10-22 14:43:03.205   522   619 W InputReader: Device virtio_input_multi_touch_6 is associated with display ADISPLAY_ID_NONE.
10-22 14:43:03.205   522   619 W InputReader: Device virtio_input_multi_touch_3 is associated with display ADISPLAY_ID_NONE.
10-22 14:43:03.205   522   619 W InputReader: Device virtio_input_multi_touch_8 is associated with display ADISPLAY_ID_NONE.
10-22 14:43:03.205   522   619 W InputReader: Device virtio_input_multi_touch_9 is associated with display ADISPLAY_ID_NONE.
10-22 14:43:03.205   522   619 W InputReader: Device virtio_input_multi_touch_7 is associated with display ADISPLAY_ID_NONE.
10-22 14:43:03.205   522   619 W InputReader: Device virtio_input_multi_touch_10 is associated with display ADISPLAY_ID_NONE.
10-22 14:43:03.205   522   619 W InputReader: Device virtio_input_multi_touch_4 is associated with display ADISPLAY_ID_NONE.
10-22 14:43:03.206   522   619 W InputReader: Device virtio_input_multi_touch_11 is associated with display ADISPLAY_ID_NONE.
10-22 14:43:03.206   522   619 W InputReader: Device virtio_input_multi_touch_5 is associated with display ADISPLAY_ID_NONE.
10-22 14:43:03.206   522   619 W InputReader: Device virtio_input_multi_touch_2 is associated with display ADISPLAY_ID_NONE.
10-22 14:43:03.206   522   619 W InputReader: Device virtio_input_multi_touch_6 is associated with display ADISPLAY_ID_NONE.
10-22 14:43:03.206   522   619 W InputReader: Device virtio_input_multi_touch_3 is associated with display ADISPLAY_ID_NONE.
10-22 14:43:03.206   522   619 W InputReader: Device virtio_input_multi_touch_8 is associated with display ADISPLAY_ID_NONE.
10-22 14:43:03.215   522  5970 D HostConnection: HostComposition ext ANDROID_EMU_CHECKSUM_HELPER_v1 ANDROID_EMU_native_sync_v2 ANDROID_EMU_native_sync_v3 ANDROID_EMU_native_sync_v4 ANDROID_EMU_dma_v1 ANDROID_EMU_direct_mem ANDROID_EMU_host_composition_v1 ANDROID_EMU_host_composition_v2 ANDROID_EMU_vulkan ANDROID_EMU_deferred_vulkan_commands ANDROID_EMU_vulkan_null_optional_strings ANDROID_EMU_vulkan_create_resources_with_requirements ANDROID_EMU_YUV_Cache ANDROID_EMU_vulkan_ignored_handles ANDROID_EMU_has_shared_slots_host_memory_allocator ANDROID_EMU_vulkan_free_memory_sync ANDROID_EMU_vulkan_shader_float16_int8 ANDROID_EMU_vulkan_async_queue_submit ANDROID_EMU_sync_buffer_data ANDROID_EMU_read_color_buffer_dma GL_OES_vertex_array_object GL_KHR_texture_compression_astc_ldr ANDROID_EMU_host_side_tracing ANDROID_EMU_gles_max_version_2
10-22 14:43:03.221   522  5970 W OpenGLRenderer: Failed to choose config with EGL_SWAP_BEHAVIOR_PRESERVED, retrying without...
10-22 14:43:03.221  5788  5872 I TestRunner: finished: recycler_view_item_count(com.example.dogglers.GridListTests)
